2026-09-30T21:46:17+00:00 == capture
2026-09-30T21:46:18+00:00 captured foundation/customers: 1500 rows
2026-09-30T21:46:18+00:00 captured foundation/stores: 40 rows
2026-09-30T21:46:18+00:00 captured foundation/products: 300 rows
2026-09-30T21:46:19+00:00 captured foundation/orders: 20000 rows
2026-09-30T21:46:19+00:00 captured foundation/order_items: 40938 rows
2026-09-30T21:46:19+00:00 captured foundation/payments: 20000 rows
2026-09-30T21:46:20+00:00 captured foundation/returns: 2518 rows
2026-09-30T21:46:20+00:00 captured foundation/shipments: 12817 rows
2026-09-30T21:46:20+00:00 captured foundation/web_events: 25000 rows
2026-09-30T21:46:20+00:00   NOTE foundation/campaign_touches: column payload oid 4000 -> string
2026-09-30T21:46:20+00:00 captured foundation/campaign_touches: 8000 rows
2026-09-30T21:46:21+00:00 captured daily_revenue/daily_revenue: 1460 rows
2026-09-30T21:46:21+00:00 captured daily_revenue/report: 48 rows
2026-09-30T21:46:21+00:00 captured customer_ltv/customer_ltv: 1500 rows
2026-09-30T21:46:21+00:00 captured customer_ltv/report: 6 rows
2026-09-30T21:46:21+00:00 captured geo_rollup/geo_rollup: 21 rows
2026-09-30T21:46:21+00:00 captured geo_rollup/report: 21 rows
2026-09-30T21:46:21+00:00 captured churn_flags/churn_flags: 1500 rows
2026-09-30T21:46:22+00:00 captured churn_flags/report: 4 rows
2026-09-30T21:46:22+00:00 captured product_perf/product_perf: 300 rows
2026-09-30T21:46:22+00:00 captured product_perf/report: 6 rows
2026-09-30T21:46:22+00:00 captured store_weekly/store_weekly: 2120 rows
2026-09-30T21:46:22+00:00 captured store_weekly/report: 40 rows
2026-09-30T21:46:22+00:00 captured category_mix/category_mix: 6 rows
2026-09-30T21:46:22+00:00 captured category_mix/report: 6 rows
2026-09-30T21:46:23+00:00 captured basket_affinity/basket_affinity: 50 rows
2026-09-30T21:46:23+00:00 captured basket_affinity/report: 50 rows
2026-09-30T21:46:23+00:00 captured sessionization/web_sessions: 21280 rows
2026-09-30T21:46:23+00:00 captured sessionization/report: 1500 rows
2026-09-30T21:46:23+00:00 captured shipping_sla/shipping_sla: 4 rows
2026-09-30T21:46:24+00:00 captured shipping_sla/report: 4 rows
2026-09-30T21:46:24+00:00 captured rfm_segments/rfm_segments: 1500 rows
2026-09-30T21:46:24+00:00 captured rfm_segments/report: 103 rows
2026-09-30T21:46:24+00:00 captured promo_lift/promo_lift: 4 rows
2026-09-30T21:46:24+00:00 captured promo_lift/report: 4 rows
2026-09-30T21:46:24+00:00 captured payment_mix/payment_mix: 5 rows
2026-09-30T21:46:24+00:00 captured payment_mix/report: 4 rows
2026-09-30T21:46:25+00:00 captured returns_rate/returns_rate: 6 rows
2026-09-30T21:46:25+00:00 captured returns_rate/report: 6 rows
2026-09-30T21:46:25+00:00 captured attribution/attribution: 100 rows
2026-09-30T21:46:25+00:00 captured attribution/report: 20 rows
2026-09-30T21:46:25+00:00 captured inventory_snapshot/inventory_snapshot: 300 rows
2026-09-30T21:46:25+00:00 captured inventory_snapshot/report: 50 rows
2026-09-30T21:46:26+00:00 captured finance_export/finance_monthly: 12 rows
2026-09-30T21:46:26+00:00 captured finance_export/report: 5 rows
2026-09-30T21:46:26+00:00 captured cohort_retention/cohort_retention: 65 rows
2026-09-30T21:46:26+00:00 captured cohort_retention/report: 65 rows
2026-09-30T21:46:26+00:00 captured orchestration/exec_summary: 1 rows
2026-09-30T21:46:26+00:00 captured orchestration/report: 1 rows
2026-09-30T21:46:26+00:00 done
